ARM GAS  C:\Users\Life\AppData\Local\Temp\ccXXkppy.s 			page 1


   1              		.cpu cortex-m4
   2              		.arch armv7e-m
   3              		.fpu fpv4-sp-d16
   4              		.eabi_attribute 27, 1
   5              		.eabi_attribute 28, 1
   6              		.eabi_attribute 20, 1
   7              		.eabi_attribute 21, 1
   8              		.eabi_attribute 23, 3
   9              		.eabi_attribute 24, 1
  10              		.eabi_attribute 25, 1
  11              		.eabi_attribute 26, 1
  12              		.eabi_attribute 30, 1
  13              		.eabi_attribute 34, 1
  14              		.eabi_attribute 18, 4
  15              		.file	"handlers.c"
  16              		.text
  17              	.Ltext0:
  18              		.cfi_sections	.debug_frame
  19              		.file 1 "Core/Src/handlers.c"
  20              		.section	.text.TIM1_UP_TIM10_IRQHandler,"ax",%progbits
  21              		.align	1
  22              		.global	TIM1_UP_TIM10_IRQHandler
  23              		.syntax unified
  24              		.thumb
  25              		.thumb_func
  27              	TIM1_UP_TIM10_IRQHandler:
  28              	.LFB130:
   1:Core/Src/handlers.c **** #include "handlers.h"
   2:Core/Src/handlers.c **** 
   3:Core/Src/handlers.c **** void TIM1_UP_TIM10_IRQHandler(void){
  29              		.loc 1 3 36 view -0
  30              		.cfi_startproc
  31              		@ args = 0, pretend = 0, frame = 0
  32              		@ frame_needed = 0, uses_anonymous_args = 0
  33              		@ link register save eliminated.
   4:Core/Src/handlers.c ****     if (TIM10->SR & TIM_SR_UIF){       // Проверка флага обновления
  34              		.loc 1 4 5 view .LVU1
  35              		.loc 1 4 14 is_stmt 0 view .LVU2
  36 0000 074B     		ldr	r3, .L3
  37 0002 1B69     		ldr	r3, [r3, #16]
  38              		.loc 1 4 8 view .LVU3
  39 0004 13F0010F 		tst	r3, #1
  40 0008 08D0     		beq	.L1
   5:Core/Src/handlers.c ****         TIM10->SR &= ~TIM_SR_UIF;      // Сброс флага
  41              		.loc 1 5 9 is_stmt 1 view .LVU4
  42              		.loc 1 5 14 is_stmt 0 view .LVU5
  43 000a 054A     		ldr	r2, .L3
  44 000c 1369     		ldr	r3, [r2, #16]
  45              		.loc 1 5 19 view .LVU6
  46 000e 23F00103 		bic	r3, r3, #1
  47 0012 1361     		str	r3, [r2, #16]
   6:Core/Src/handlers.c ****         tick_count++; // Увеличиваем счетчик каждую 1 мс 
  48              		.loc 1 6 9 is_stmt 1 view .LVU7
  49              		.loc 1 6 19 is_stmt 0 view .LVU8
  50 0014 034A     		ldr	r2, .L3+4
  51 0016 1368     		ldr	r3, [r2]
  52 0018 0133     		adds	r3, r3, #1
ARM GAS  C:\Users\Life\AppData\Local\Temp\ccXXkppy.s 			page 2


  53 001a 1360     		str	r3, [r2]
  54              	.L1:
   7:Core/Src/handlers.c ****     }
   8:Core/Src/handlers.c **** }
  55              		.loc 1 8 1 view .LVU9
  56 001c 7047     		bx	lr
  57              	.L4:
  58 001e 00BF     		.align	2
  59              	.L3:
  60 0020 00440140 		.word	1073824768
  61 0024 00000000 		.word	tick_count
  62              		.cfi_endproc
  63              	.LFE130:
  65              		.text
  66              	.Letext0:
  67              		.file 2 "C:/Bools/xpack-arm-none-eabi-gcc-13.2.1-1.1/arm-none-eabi/include/machine/_default_types.
  68              		.file 3 "C:/Bools/xpack-arm-none-eabi-gcc-13.2.1-1.1/arm-none-eabi/include/sys/_stdint.h"
  69              		.file 4 "CMSIS/Devices/STM32F4xx/Inc/STM32F411xE/stm32f411xe.h"
  70              		.file 5 "Core/Inc/handlers.h"
ARM GAS  C:\Users\Life\AppData\Local\Temp\ccXXkppy.s 			page 3


DEFINED SYMBOLS
                            *ABS*:00000000 handlers.c
C:\Users\Life\AppData\Local\Temp\ccXXkppy.s:21     .text.TIM1_UP_TIM10_IRQHandler:00000000 $t
C:\Users\Life\AppData\Local\Temp\ccXXkppy.s:27     .text.TIM1_UP_TIM10_IRQHandler:00000000 TIM1_UP_TIM10_IRQHandler
C:\Users\Life\AppData\Local\Temp\ccXXkppy.s:60     .text.TIM1_UP_TIM10_IRQHandler:00000020 $d

UNDEFINED SYMBOLS
tick_count
