ARM GAS  C:\Users\Life\AppData\Local\Temp\ccFts6YQ.s 			page 1


   1              		.cpu cortex-m4
   2              		.arch armv7e-m
   3              		.fpu fpv4-sp-d16
   4              		.eabi_attribute 27, 1
   5              		.eabi_attribute 28, 1
   6              		.eabi_attribute 20, 1
   7              		.eabi_attribute 21, 1
   8              		.eabi_attribute 23, 3
   9              		.eabi_attribute 24, 1
  10              		.eabi_attribute 25, 1
  11              		.eabi_attribute 26, 1
  12              		.eabi_attribute 30, 1
  13              		.eabi_attribute 34, 1
  14              		.eabi_attribute 18, 4
  15              		.file	"handlers.c"
  16              		.text
  17              	.Ltext0:
  18              		.cfi_sections	.debug_frame
  19              		.file 1 "Core/Src/handlers.c"
  20              		.section	.text.TIM1_UP_TIM10_IRQHandler,"ax",%progbits
  21              		.align	1
  22              		.global	TIM1_UP_TIM10_IRQHandler
  23              		.syntax unified
  24              		.thumb
  25              		.thumb_func
  27              	TIM1_UP_TIM10_IRQHandler:
  28              	.LFB130:
   1:Core/Src/handlers.c **** #include "handlers.h"
   2:Core/Src/handlers.c **** 
   3:Core/Src/handlers.c **** 
   4:Core/Src/handlers.c **** void TIM1_UP_TIM10_IRQHandler(void){
  29              		.loc 1 4 36 view -0
  30              		.cfi_startproc
  31              		@ args = 0, pretend = 0, frame = 0
  32              		@ frame_needed = 0, uses_anonymous_args = 0
  33              		@ link register save eliminated.
   5:Core/Src/handlers.c ****     if (TIM10->SR & TIM_SR_UIF){       // Проверка флага обновления
  34              		.loc 1 5 5 view .LVU1
  35              		.loc 1 5 14 is_stmt 0 view .LVU2
  36 0000 0A4B     		ldr	r3, .L3
  37 0002 1B69     		ldr	r3, [r3, #16]
  38              		.loc 1 5 8 view .LVU3
  39 0004 13F0010F 		tst	r3, #1
  40 0008 0FD0     		beq	.L1
   6:Core/Src/handlers.c ****         TIM10->SR &= ~TIM_SR_UIF;      // Сброс флага
  41              		.loc 1 6 9 is_stmt 1 view .LVU4
  42              		.loc 1 6 14 is_stmt 0 view .LVU5
  43 000a 084A     		ldr	r2, .L3
  44 000c 1369     		ldr	r3, [r2, #16]
  45              		.loc 1 6 19 view .LVU6
  46 000e 23F00103 		bic	r3, r3, #1
  47 0012 1361     		str	r3, [r2, #16]
   7:Core/Src/handlers.c ****         tick_count++; // Увеличиваем счетчик каждую 1 мс
  48              		.loc 1 7 9 is_stmt 1 view .LVU7
  49              		.loc 1 7 19 is_stmt 0 view .LVU8
  50 0014 064B     		ldr	r3, .L3+4
  51 0016 1A68     		ldr	r2, [r3]
ARM GAS  C:\Users\Life\AppData\Local\Temp\ccFts6YQ.s 			page 2


  52 0018 0132     		adds	r2, r2, #1
  53 001a 1A60     		str	r2, [r3]
   8:Core/Src/handlers.c ****         if(tick_count>=1000)
  54              		.loc 1 8 9 is_stmt 1 view .LVU9
  55              		.loc 1 8 22 is_stmt 0 view .LVU10
  56 001c 1B68     		ldr	r3, [r3]
  57              		.loc 1 8 11 view .LVU11
  58 001e B3F57A7F 		cmp	r3, #1000
  59 0022 02D3     		bcc	.L1
   9:Core/Src/handlers.c ****         tick_count=0;
  60              		.loc 1 9 9 is_stmt 1 view .LVU12
  61              		.loc 1 9 19 is_stmt 0 view .LVU13
  62 0024 024B     		ldr	r3, .L3+4
  63 0026 0022     		movs	r2, #0
  64 0028 1A60     		str	r2, [r3]
  65              	.L1:
  10:Core/Src/handlers.c ****     }
  11:Core/Src/handlers.c **** }
  66              		.loc 1 11 1 view .LVU14
  67 002a 7047     		bx	lr
  68              	.L4:
  69              		.align	2
  70              	.L3:
  71 002c 00440140 		.word	1073824768
  72 0030 00000000 		.word	tick_count
  73              		.cfi_endproc
  74              	.LFE130:
  76              		.section	.text.EXTI9_5_IRQHandler,"ax",%progbits
  77              		.align	1
  78              		.global	EXTI9_5_IRQHandler
  79              		.syntax unified
  80              		.thumb
  81              		.thumb_func
  83              	EXTI9_5_IRQHandler:
  84              	.LFB131:
  12:Core/Src/handlers.c **** void EXTI9_5_IRQHandler(void){
  85              		.loc 1 12 30 is_stmt 1 view -0
  86              		.cfi_startproc
  87              		@ args = 0, pretend = 0, frame = 0
  88              		@ frame_needed = 0, uses_anonymous_args = 0
  89              		@ link register save eliminated.
  13:Core/Src/handlers.c ****     uint32_t now = tick_count;
  90              		.loc 1 13 5 view .LVU16
  91              		.loc 1 13 14 is_stmt 0 view .LVU17
  92 0000 104B     		ldr	r3, .L9
  93 0002 1B68     		ldr	r3, [r3]
  94              	.LVL0:
  14:Core/Src/handlers.c **** 
  15:Core/Src/handlers.c ****     // Сбрасываем флаг
  16:Core/Src/handlers.c ****     EXTI->PR = EXTI_PR_PR9;
  95              		.loc 1 16 5 is_stmt 1 view .LVU18
  96              		.loc 1 16 14 is_stmt 0 view .LVU19
  97 0004 104A     		ldr	r2, .L9+4
  98 0006 4FF40071 		mov	r1, #512
  99 000a 5161     		str	r1, [r2, #20]
  17:Core/Src/handlers.c **** 
  18:Core/Src/handlers.c ****     // Если кнопка нажата
ARM GAS  C:\Users\Life\AppData\Local\Temp\ccFts6YQ.s 			page 3


  19:Core/Src/handlers.c ****     if (!(GPIOB->IDR & GPIO_IDR_ID9)) {
 100              		.loc 1 19 5 is_stmt 1 view .LVU20
 101              		.loc 1 19 16 is_stmt 0 view .LVU21
 102 000c 02F54842 		add	r2, r2, #51200
 103 0010 1269     		ldr	r2, [r2, #16]
 104              		.loc 1 19 8 view .LVU22
 105 0012 12F4007F 		tst	r2, #512
 106 0016 05D1     		bne	.L6
  20:Core/Src/handlers.c ****         if (btn9_press_time == 0) {
 107              		.loc 1 20 9 is_stmt 1 view .LVU23
 108              		.loc 1 20 29 is_stmt 0 view .LVU24
 109 0018 0C4A     		ldr	r2, .L9+8
 110 001a 1268     		ldr	r2, [r2]
 111              		.loc 1 20 12 view .LVU25
 112 001c 82B9     		cbnz	r2, .L5
  21:Core/Src/handlers.c ****             btn9_press_time = now; // сохраняем момент первого нажатия
 113              		.loc 1 21 13 is_stmt 1 view .LVU26
 114              		.loc 1 21 29 is_stmt 0 view .LVU27
 115 001e 0B4A     		ldr	r2, .L9+8
 116 0020 1360     		str	r3, [r2]
 117 0022 7047     		bx	lr
 118              	.L6:
  22:Core/Src/handlers.c ****         }
  23:Core/Src/handlers.c ****     } else {
  24:Core/Src/handlers.c ****         // Кнопка отпущена
  25:Core/Src/handlers.c ****         if (btn9_press_time != 0) {
 119              		.loc 1 25 9 is_stmt 1 view .LVU28
 120              		.loc 1 25 29 is_stmt 0 view .LVU29
 121 0024 094A     		ldr	r2, .L9+8
 122 0026 1268     		ldr	r2, [r2]
 123              		.loc 1 25 12 view .LVU30
 124 0028 52B1     		cbz	r2, .L5
  26:Core/Src/handlers.c ****             if ((now - btn9_press_time) >= 5) {
 125              		.loc 1 26 13 is_stmt 1 view .LVU31
 126              		.loc 1 26 22 is_stmt 0 view .LVU32
 127 002a 084A     		ldr	r2, .L9+8
 128 002c 1268     		ldr	r2, [r2]
 129 002e 9B1A     		subs	r3, r3, r2
 130              	.LVL1:
 131              		.loc 1 26 16 view .LVU33
 132 0030 042B     		cmp	r3, #4
 133 0032 02D9     		bls	.L8
  27:Core/Src/handlers.c ****                 btn9_pressed = 1; // короткое нажатие зафиксировано
 134              		.loc 1 27 17 is_stmt 1 view .LVU34
 135              		.loc 1 27 30 is_stmt 0 view .LVU35
 136 0034 064B     		ldr	r3, .L9+12
 137 0036 0122     		movs	r2, #1
 138 0038 1A70     		strb	r2, [r3]
 139              	.L8:
  28:Core/Src/handlers.c ****             }
  29:Core/Src/handlers.c ****             btn9_press_time = 0;
 140              		.loc 1 29 13 is_stmt 1 view .LVU36
 141              		.loc 1 29 29 is_stmt 0 view .LVU37
 142 003a 044B     		ldr	r3, .L9+8
 143 003c 0022     		movs	r2, #0
 144 003e 1A60     		str	r2, [r3]
 145              	.L5:
ARM GAS  C:\Users\Life\AppData\Local\Temp\ccFts6YQ.s 			page 4


  30:Core/Src/handlers.c ****         }
  31:Core/Src/handlers.c ****     }
  32:Core/Src/handlers.c **** }
 146              		.loc 1 32 1 view .LVU38
 147 0040 7047     		bx	lr
 148              	.L10:
 149 0042 00BF     		.align	2
 150              	.L9:
 151 0044 00000000 		.word	tick_count
 152 0048 003C0140 		.word	1073822720
 153 004c 00000000 		.word	btn9_press_time
 154 0050 00000000 		.word	btn9_pressed
 155              		.cfi_endproc
 156              	.LFE131:
 158              		.text
 159              	.Letext0:
 160              		.file 2 "C:/Bools/xpack-arm-none-eabi-gcc-13.2.1-1.1/arm-none-eabi/include/machine/_default_types.
 161              		.file 3 "C:/Bools/xpack-arm-none-eabi-gcc-13.2.1-1.1/arm-none-eabi/include/sys/_stdint.h"
 162              		.file 4 "CMSIS/Devices/STM32F4xx/Inc/STM32F411xE/stm32f411xe.h"
 163              		.file 5 "Core/Inc/handlers.h"
ARM GAS  C:\Users\Life\AppData\Local\Temp\ccFts6YQ.s 			page 5


DEFINED SYMBOLS
                            *ABS*:00000000 handlers.c
C:\Users\Life\AppData\Local\Temp\ccFts6YQ.s:21     .text.TIM1_UP_TIM10_IRQHandler:00000000 $t
C:\Users\Life\AppData\Local\Temp\ccFts6YQ.s:27     .text.TIM1_UP_TIM10_IRQHandler:00000000 TIM1_UP_TIM10_IRQHandler
C:\Users\Life\AppData\Local\Temp\ccFts6YQ.s:71     .text.TIM1_UP_TIM10_IRQHandler:0000002c $d
C:\Users\Life\AppData\Local\Temp\ccFts6YQ.s:77     .text.EXTI9_5_IRQHandler:00000000 $t
C:\Users\Life\AppData\Local\Temp\ccFts6YQ.s:83     .text.EXTI9_5_IRQHandler:00000000 EXTI9_5_IRQHandler
C:\Users\Life\AppData\Local\Temp\ccFts6YQ.s:151    .text.EXTI9_5_IRQHandler:00000044 $d

UNDEFINED SYMBOLS
tick_count
btn9_press_time
btn9_pressed
