ARM GAS  C:\Users\Life\AppData\Local\Temp\cc8JASXg.s 			page 1


   1              		.cpu cortex-m4
   2              		.arch armv7e-m
   3              		.fpu fpv4-sp-d16
   4              		.eabi_attribute 27, 1
   5              		.eabi_attribute 28, 1
   6              		.eabi_attribute 20, 1
   7              		.eabi_attribute 21, 1
   8              		.eabi_attribute 23, 3
   9              		.eabi_attribute 24, 1
  10              		.eabi_attribute 25, 1
  11              		.eabi_attribute 26, 1
  12              		.eabi_attribute 30, 1
  13              		.eabi_attribute 34, 1
  14              		.eabi_attribute 18, 4
  15              		.file	"MCU6050.c"
  16              		.text
  17              	.Ltext0:
  18              		.cfi_sections	.debug_frame
  19              		.file 1 "Core/Src/MCU6050.c"
  20              		.section	.text.MPU6050_Init,"ax",%progbits
  21              		.align	1
  22              		.global	MPU6050_Init
  23              		.syntax unified
  24              		.thumb
  25              		.thumb_func
  27              	MPU6050_Init:
  28              	.LFB133:
   1:Core/Src/MCU6050.c **** 
   2:Core/Src/MCU6050.c **** #include "handlers.h"
   3:Core/Src/MCU6050.c **** #include <stdio.h> 
   4:Core/Src/MCU6050.c **** 
   5:Core/Src/MCU6050.c **** #include "MCU6050.h"
   6:Core/Src/MCU6050.c **** #include "I2C.h"
   7:Core/Src/MCU6050.c **** #include "task.h"    // Для tick_count
   8:Core/Src/MCU6050.c **** 
   9:Core/Src/MCU6050.c **** MPU6050_t MPU6050;
  10:Core/Src/MCU6050.c **** 
  11:Core/Src/MCU6050.c **** // Внутренние переменные
  12:Core/Src/MCU6050.c **** static float gz_filtered = 0.0f;
  13:Core/Src/MCU6050.c **** static float yaw_angle = 0.0f;
  14:Core/Src/MCU6050.c **** static uint32_t last_update = 0; 
  15:Core/Src/MCU6050.c **** 
  16:Core/Src/MCU6050.c **** // ------------------------------------------------------------------
  17:Core/Src/MCU6050.c **** // ИНИЦИАЛИЗАЦИЯ (только гироскоп Z)
  18:Core/Src/MCU6050.c **** // ------------------------------------------------------------------
  19:Core/Src/MCU6050.c **** uint8_t MPU6050_Init(void)
  20:Core/Src/MCU6050.c **** {
  29              		.loc 1 20 1 view -0
  30              		.cfi_startproc
  31              		@ args = 0, pretend = 0, frame = 8
  32              		@ frame_needed = 0, uses_anonymous_args = 0
  33 0000 00B5     		push	{lr}
  34              	.LCFI0:
  35              		.cfi_def_cfa_offset 4
  36              		.cfi_offset 14, -4
  37 0002 83B0     		sub	sp, sp, #12
  38              	.LCFI1:
ARM GAS  C:\Users\Life\AppData\Local\Temp\cc8JASXg.s 			page 2


  39              		.cfi_def_cfa_offset 16
  21:Core/Src/MCU6050.c ****     uint8_t check;
  40              		.loc 1 21 5 view .LVU1
  22:Core/Src/MCU6050.c ****     
  23:Core/Src/MCU6050.c ****     // Проверка связи
  24:Core/Src/MCU6050.c ****     MPU_Read(MPU6050_ADDR, WHO_AM_I_REG, &check, 1);
  41              		.loc 1 24 5 view .LVU2
  42 0004 0123     		movs	r3, #1
  43 0006 0DF10702 		add	r2, sp, #7
  44 000a 7521     		movs	r1, #117
  45 000c 6820     		movs	r0, #104
  46 000e FFF7FEFF 		bl	MPU_Read
  47              	.LVL0:
  25:Core/Src/MCU6050.c ****     if (check != 0x68 && check != 0x98) {
  48              		.loc 1 25 5 view .LVU3
  49              		.loc 1 25 15 is_stmt 0 view .LVU4
  50 0012 9DF80730 		ldrb	r3, [sp, #7]	@ zero_extendqisi2
  51              		.loc 1 25 8 view .LVU5
  52 0016 682B     		cmp	r3, #104
  53 0018 01D0     		beq	.L2
  54              		.loc 1 25 23 discriminator 1 view .LVU6
  55 001a 982B     		cmp	r3, #152
  56 001c 27D1     		bne	.L5
  57              	.L2:
  26:Core/Src/MCU6050.c ****         return 1;  // Ошибка
  27:Core/Src/MCU6050.c ****     }
  28:Core/Src/MCU6050.c **** 
  29:Core/Src/MCU6050.c ****     // Сброс и пробуждение
  30:Core/Src/MCU6050.c ****     MPU_Write(MPU6050_ADDR, PWR_MGMT_1_REG, 0x00);
  58              		.loc 1 30 5 is_stmt 1 view .LVU7
  59 001e 0022     		movs	r2, #0
  60 0020 6B21     		movs	r1, #107
  61 0022 6820     		movs	r0, #104
  62 0024 FFF7FEFF 		bl	MPU_Write
  63              	.LVL1:
  31:Core/Src/MCU6050.c ****     
  32:Core/Src/MCU6050.c ****     // Ждём 100 мс (ОБЯЗАТЕЛЬНО!)
  33:Core/Src/MCU6050.c ****     uint32_t start = tick_count;
  64              		.loc 1 33 5 view .LVU8
  65              		.loc 1 33 14 is_stmt 0 view .LVU9
  66 0028 124B     		ldr	r3, .L7
  67 002a 1A68     		ldr	r2, [r3]
  68              	.LVL2:
  34:Core/Src/MCU6050.c ****     while ((uint32_t)(tick_count - start) < 100);
  69              		.loc 1 34 5 is_stmt 1 view .LVU10
  70              	.L4:
  71              		.loc 1 34 43 discriminator 1 view .LVU11
  72              		.loc 1 34 34 is_stmt 0 discriminator 1 view .LVU12
  73 002c 114B     		ldr	r3, .L7
  74 002e 1B68     		ldr	r3, [r3]
  75 0030 9B1A     		subs	r3, r3, r2
  76              		.loc 1 34 43 discriminator 1 view .LVU13
  77 0032 632B     		cmp	r3, #99
  78 0034 FAD9     		bls	.L4
  35:Core/Src/MCU6050.c ****     
  36:Core/Src/MCU6050.c ****     // Оптимальные настройки для измерения курса:
  37:Core/Src/MCU6050.c ****     
ARM GAS  C:\Users\Life\AppData\Local\Temp\cc8JASXg.s 			page 3


  38:Core/Src/MCU6050.c ****     // 1. Максимальная частота дискретизации
  39:Core/Src/MCU6050.c ****     MPU_Write(MPU6050_ADDR, SMPLRT_DIV_REG, 0x00);  // 1 kHz
  79              		.loc 1 39 5 is_stmt 1 view .LVU14
  80 0036 0022     		movs	r2, #0
  81              	.LVL3:
  82              		.loc 1 39 5 is_stmt 0 view .LVU15
  83 0038 1921     		movs	r1, #25
  84 003a 6820     		movs	r0, #104
  85 003c FFF7FEFF 		bl	MPU_Write
  86              	.LVL4:
  40:Core/Src/MCU6050.c ****     
  41:Core/Src/MCU6050.c ****     // 2. DLPF фильтр 44Hz - убираем высокочастотный шум
  42:Core/Src/MCU6050.c ****     MPU_Write(MPU6050_ADDR, CONFIG_REG, DLPF_44HZ);
  87              		.loc 1 42 5 is_stmt 1 view .LVU16
  88 0040 0122     		movs	r2, #1
  89 0042 1A21     		movs	r1, #26
  90 0044 6820     		movs	r0, #104
  91 0046 FFF7FEFF 		bl	MPU_Write
  92              	.LVL5:
  43:Core/Src/MCU6050.c ****     
  44:Core/Src/MCU6050.c ****     // 3. Диапазон ±250°/с (самый точный)
  45:Core/Src/MCU6050.c ****     MPU_Write(MPU6050_ADDR, GYRO_CONFIG_REG, GYRO_RANGE_250DPS);
  93              		.loc 1 45 5 view .LVU17
  94 004a 0022     		movs	r2, #0
  95 004c 1B21     		movs	r1, #27
  96 004e 6820     		movs	r0, #104
  97 0050 FFF7FEFF 		bl	MPU_Write
  98              	.LVL6:
  46:Core/Src/MCU6050.c ****     
  47:Core/Src/MCU6050.c ****     
  48:Core/Src/MCU6050.c ****     // Инициализация
  49:Core/Src/MCU6050.c ****     gz_filtered = 0.0f;
  99              		.loc 1 49 5 view .LVU18
 100              		.loc 1 49 17 is_stmt 0 view .LVU19
 101 0054 0023     		movs	r3, #0
 102 0056 084A     		ldr	r2, .L7+4
 103 0058 1360     		str	r3, [r2]	@ float
  50:Core/Src/MCU6050.c ****     yaw_angle = 0.0f;
 104              		.loc 1 50 5 is_stmt 1 view .LVU20
 105              		.loc 1 50 15 is_stmt 0 view .LVU21
 106 005a 084A     		ldr	r2, .L7+8
 107 005c 1360     		str	r3, [r2]	@ float
  51:Core/Src/MCU6050.c ****     last_update = tick_count;
 108              		.loc 1 51 5 is_stmt 1 view .LVU22
 109              		.loc 1 51 17 is_stmt 0 view .LVU23
 110 005e 054B     		ldr	r3, .L7
 111 0060 1A68     		ldr	r2, [r3]
 112 0062 074B     		ldr	r3, .L7+12
 113 0064 1A60     		str	r2, [r3]
  52:Core/Src/MCU6050.c ****     
  53:Core/Src/MCU6050.c ****     return 0;  // Успех
 114              		.loc 1 53 5 is_stmt 1 view .LVU24
 115              		.loc 1 53 12 is_stmt 0 view .LVU25
 116 0066 0020     		movs	r0, #0
 117              	.LVL7:
 118              	.L3:
  54:Core/Src/MCU6050.c **** }
ARM GAS  C:\Users\Life\AppData\Local\Temp\cc8JASXg.s 			page 4


 119              		.loc 1 54 1 view .LVU26
 120 0068 03B0     		add	sp, sp, #12
 121              	.LCFI2:
 122              		.cfi_remember_state
 123              		.cfi_def_cfa_offset 4
 124              		@ sp needed
 125 006a 5DF804FB 		ldr	pc, [sp], #4
 126              	.L5:
 127              	.LCFI3:
 128              		.cfi_restore_state
  26:Core/Src/MCU6050.c ****     }
 129              		.loc 1 26 16 view .LVU27
 130 006e 0120     		movs	r0, #1
 131 0070 FAE7     		b	.L3
 132              	.L8:
 133 0072 00BF     		.align	2
 134              	.L7:
 135 0074 00000000 		.word	tick_count
 136 0078 00000000 		.word	gz_filtered
 137 007c 00000000 		.word	yaw_angle
 138 0080 00000000 		.word	last_update
 139              		.cfi_endproc
 140              	.LFE133:
 142              		.section	.text.MPU6050_Read_Yaw_Rate_No_Offset,"ax",%progbits
 143              		.align	1
 144              		.global	MPU6050_Read_Yaw_Rate_No_Offset
 145              		.syntax unified
 146              		.thumb
 147              		.thumb_func
 149              	MPU6050_Read_Yaw_Rate_No_Offset:
 150              	.LFB135:
  55:Core/Src/MCU6050.c **** 
  56:Core/Src/MCU6050.c **** // ------------------------------------------------------------------
  57:Core/Src/MCU6050.c **** // КАЛИБРОВКА (робот должен стоять НЕПОДВИЖНО!)
  58:Core/Src/MCU6050.c **** // ------------------------------------------------------------------
  59:Core/Src/MCU6050.c **** void MPU6050_Calibrate(void)
  60:Core/Src/MCU6050.c **** {
  61:Core/Src/MCU6050.c ****     uint32_t start = tick_count;
  62:Core/Src/MCU6050.c ****     float sum = 0.0f;
  63:Core/Src/MCU6050.c ****     uint16_t samples = 0;
  64:Core/Src/MCU6050.c ****     
  65:Core/Src/MCU6050.c ****     // Собираем 1000 семплов (~1 секунда)
  66:Core/Src/MCU6050.c ****     while ((uint32_t)(tick_count - start) < 3000) {
  67:Core/Src/MCU6050.c ****         float gz = MPU6050_Read_Yaw_Rate_No_Offset();  // Чтение без вычитания of
  68:Core/Src/MCU6050.c ****         sum += gz;
  69:Core/Src/MCU6050.c ****         samples++;
  70:Core/Src/MCU6050.c ****         
  71:Core/Src/MCU6050.c ****         // Небольшая задержка
  72:Core/Src/MCU6050.c ****         uint32_t wait_start = tick_count;
  73:Core/Src/MCU6050.c ****         while ((uint32_t)(tick_count - wait_start) < 1);  // 1 мс
  74:Core/Src/MCU6050.c ****     }
  75:Core/Src/MCU6050.c ****     
  76:Core/Src/MCU6050.c ****     if (samples > 0) {
  77:Core/Src/MCU6050.c ****         gz_offset = sum / samples;
  78:Core/Src/MCU6050.c ****     }
  79:Core/Src/MCU6050.c ****     
  80:Core/Src/MCU6050.c ****     // Сброс фильтра
ARM GAS  C:\Users\Life\AppData\Local\Temp\cc8JASXg.s 			page 5


  81:Core/Src/MCU6050.c ****     gz_filtered = 0.0f;
  82:Core/Src/MCU6050.c **** }
  83:Core/Src/MCU6050.c **** 
  84:Core/Src/MCU6050.c **** // ------------------------------------------------------------------
  85:Core/Src/MCU6050.c **** // ЧТЕНИЕ СЫРОЙ угловой скорости (без вычитания offset)
  86:Core/Src/MCU6050.c **** // ------------------------------------------------------------------
  87:Core/Src/MCU6050.c **** float MPU6050_Read_Yaw_Rate_No_Offset(void)
  88:Core/Src/MCU6050.c **** {
 151              		.loc 1 88 1 is_stmt 1 view -0
 152              		.cfi_startproc
 153              		@ args = 0, pretend = 0, frame = 8
 154              		@ frame_needed = 0, uses_anonymous_args = 0
 155 0000 00B5     		push	{lr}
 156              	.LCFI4:
 157              		.cfi_def_cfa_offset 4
 158              		.cfi_offset 14, -4
 159 0002 83B0     		sub	sp, sp, #12
 160              	.LCFI5:
 161              		.cfi_def_cfa_offset 16
  89:Core/Src/MCU6050.c ****     uint8_t data[2];
 162              		.loc 1 89 5 view .LVU29
  90:Core/Src/MCU6050.c ****     MPU_Read(MPU6050_ADDR, GYRO_ZOUT_H_REG, data, 2);
 163              		.loc 1 90 5 view .LVU30
 164 0004 0223     		movs	r3, #2
 165 0006 01AA     		add	r2, sp, #4
 166 0008 4721     		movs	r1, #71
 167 000a 6820     		movs	r0, #104
 168 000c FFF7FEFF 		bl	MPU_Read
 169              	.LVL8:
  91:Core/Src/MCU6050.c ****     
  92:Core/Src/MCU6050.c ****     int16_t raw = (int16_t)((data[0] << 8) | data[1]);
 170              		.loc 1 92 5 view .LVU31
 171              		.loc 1 92 34 is_stmt 0 view .LVU32
 172 0010 9DF80430 		ldrb	r3, [sp, #4]	@ zero_extendqisi2
 173              		.loc 1 92 19 view .LVU33
 174 0014 1B02     		lsls	r3, r3, #8
 175 0016 1BB2     		sxth	r3, r3
 176              		.loc 1 92 50 view .LVU34
 177 0018 9DF80520 		ldrb	r2, [sp, #5]	@ zero_extendqisi2
 178              		.loc 1 92 13 view .LVU35
 179 001c 1343     		orrs	r3, r3, r2
 180 001e 00EE103A 		vmov	s0, r3	@ int
 181              	.LVL9:
  93:Core/Src/MCU6050.c ****     return raw / GYRO_SCALE;  // Град/с
 182              		.loc 1 93 5 is_stmt 1 view .LVU36
 183              		.loc 1 93 16 is_stmt 0 view .LVU37
 184 0022 B8EEC00A 		vcvt.f32.s32	s0, s0
 185              	.LVL10:
  94:Core/Src/MCU6050.c **** }
 186              		.loc 1 94 1 view .LVU38
 187 0026 DFED037A 		vldr.32	s15, .L11
 188 002a 80EE270A 		vdiv.f32	s0, s0, s15
 189 002e 03B0     		add	sp, sp, #12
 190              	.LCFI6:
 191              		.cfi_def_cfa_offset 4
 192              		@ sp needed
 193 0030 5DF804FB 		ldr	pc, [sp], #4
ARM GAS  C:\Users\Life\AppData\Local\Temp\cc8JASXg.s 			page 6


 194              	.L12:
 195              		.align	2
 196              	.L11:
 197 0034 00000343 		.word	1124270080
 198              		.cfi_endproc
 199              	.LFE135:
 201              		.section	.text.MPU6050_Calibrate,"ax",%progbits
 202              		.align	1
 203              		.global	MPU6050_Calibrate
 204              		.syntax unified
 205              		.thumb
 206              		.thumb_func
 208              	MPU6050_Calibrate:
 209              	.LFB134:
  60:Core/Src/MCU6050.c ****     uint32_t start = tick_count;
 210              		.loc 1 60 1 is_stmt 1 view -0
 211              		.cfi_startproc
 212              		@ args = 0, pretend = 0, frame = 0
 213              		@ frame_needed = 0, uses_anonymous_args = 0
 214 0000 38B5     		push	{r3, r4, r5, lr}
 215              	.LCFI7:
 216              		.cfi_def_cfa_offset 16
 217              		.cfi_offset 3, -16
 218              		.cfi_offset 4, -12
 219              		.cfi_offset 5, -8
 220              		.cfi_offset 14, -4
 221 0002 2DED028B 		vpush.64	{d8}
 222              	.LCFI8:
 223              		.cfi_def_cfa_offset 24
 224              		.cfi_offset 80, -24
 225              		.cfi_offset 81, -20
  61:Core/Src/MCU6050.c ****     float sum = 0.0f;
 226              		.loc 1 61 5 view .LVU40
  61:Core/Src/MCU6050.c ****     float sum = 0.0f;
 227              		.loc 1 61 14 is_stmt 0 view .LVU41
 228 0006 144B     		ldr	r3, .L19
 229 0008 1D68     		ldr	r5, [r3]
 230              	.LVL11:
  62:Core/Src/MCU6050.c ****     uint16_t samples = 0;
 231              		.loc 1 62 5 is_stmt 1 view .LVU42
  63:Core/Src/MCU6050.c ****     
 232              		.loc 1 63 5 view .LVU43
  66:Core/Src/MCU6050.c ****         float gz = MPU6050_Read_Yaw_Rate_No_Offset();  // Чтение без вычитания of
 233              		.loc 1 66 5 view .LVU44
  63:Core/Src/MCU6050.c ****     
 234              		.loc 1 63 14 is_stmt 0 view .LVU45
 235 000a 0024     		movs	r4, #0
  62:Core/Src/MCU6050.c ****     uint16_t samples = 0;
 236              		.loc 1 62 11 view .LVU46
 237 000c 9FED138A 		vldr.32	s16, .L19+4
  66:Core/Src/MCU6050.c ****         float gz = MPU6050_Read_Yaw_Rate_No_Offset();  // Чтение без вычитания of
 238              		.loc 1 66 11 view .LVU47
 239 0010 0BE0     		b	.L14
 240              	.LVL12:
 241              	.L16:
 242              	.LBB2:
  67:Core/Src/MCU6050.c ****         sum += gz;
ARM GAS  C:\Users\Life\AppData\Local\Temp\cc8JASXg.s 			page 7


 243              		.loc 1 67 9 is_stmt 1 view .LVU48
  67:Core/Src/MCU6050.c ****         sum += gz;
 244              		.loc 1 67 20 is_stmt 0 view .LVU49
 245 0012 FFF7FEFF 		bl	MPU6050_Read_Yaw_Rate_No_Offset
 246              	.LVL13:
  68:Core/Src/MCU6050.c ****         samples++;
 247              		.loc 1 68 9 is_stmt 1 view .LVU50
  68:Core/Src/MCU6050.c ****         samples++;
 248              		.loc 1 68 13 is_stmt 0 view .LVU51
 249 0016 38EE008A 		vadd.f32	s16, s16, s0
 250              	.LVL14:
  69:Core/Src/MCU6050.c ****         
 251              		.loc 1 69 9 is_stmt 1 view .LVU52
  69:Core/Src/MCU6050.c ****         
 252              		.loc 1 69 16 is_stmt 0 view .LVU53
 253 001a 0134     		adds	r4, r4, #1
 254              	.LVL15:
  69:Core/Src/MCU6050.c ****         
 255              		.loc 1 69 16 view .LVU54
 256 001c A4B2     		uxth	r4, r4
 257              	.LVL16:
  72:Core/Src/MCU6050.c ****         while ((uint32_t)(tick_count - wait_start) < 1);  // 1 мс
 258              		.loc 1 72 9 is_stmt 1 view .LVU55
  72:Core/Src/MCU6050.c ****         while ((uint32_t)(tick_count - wait_start) < 1);  // 1 мс
 259              		.loc 1 72 18 is_stmt 0 view .LVU56
 260 001e 0E4B     		ldr	r3, .L19
 261 0020 1A68     		ldr	r2, [r3]
 262              	.LVL17:
  73:Core/Src/MCU6050.c ****     }
 263              		.loc 1 73 9 is_stmt 1 view .LVU57
 264              	.L15:
  73:Core/Src/MCU6050.c ****     }
 265              		.loc 1 73 52 discriminator 1 view .LVU58
 266 0022 0D4B     		ldr	r3, .L19
 267 0024 1B68     		ldr	r3, [r3]
 268 0026 9342     		cmp	r3, r2
 269 0028 FBD0     		beq	.L15
 270              	.LVL18:
 271              	.L14:
  73:Core/Src/MCU6050.c ****     }
 272              		.loc 1 73 52 is_stmt 0 discriminator 1 view .LVU59
 273              	.LBE2:
  66:Core/Src/MCU6050.c ****         float gz = MPU6050_Read_Yaw_Rate_No_Offset();  // Чтение без вычитания of
 274              		.loc 1 66 43 is_stmt 1 view .LVU60
  66:Core/Src/MCU6050.c ****         float gz = MPU6050_Read_Yaw_Rate_No_Offset();  // Чтение без вычитания of
 275              		.loc 1 66 34 is_stmt 0 view .LVU61
 276 002a 0B4B     		ldr	r3, .L19
 277 002c 1B68     		ldr	r3, [r3]
 278 002e 5B1B     		subs	r3, r3, r5
  66:Core/Src/MCU6050.c ****         float gz = MPU6050_Read_Yaw_Rate_No_Offset();  // Чтение без вычитания of
 279              		.loc 1 66 43 view .LVU62
 280 0030 40F6B732 		movw	r2, #2999
 281 0034 9342     		cmp	r3, r2
 282 0036 ECD9     		bls	.L16
  76:Core/Src/MCU6050.c ****         gz_offset = sum / samples;
 283              		.loc 1 76 5 is_stmt 1 view .LVU63
  76:Core/Src/MCU6050.c ****         gz_offset = sum / samples;
ARM GAS  C:\Users\Life\AppData\Local\Temp\cc8JASXg.s 			page 8


 284              		.loc 1 76 8 is_stmt 0 view .LVU64
 285 0038 44B1     		cbz	r4, .L17
  77:Core/Src/MCU6050.c ****     }
 286              		.loc 1 77 9 is_stmt 1 view .LVU65
  77:Core/Src/MCU6050.c ****     }
 287              		.loc 1 77 25 is_stmt 0 view .LVU66
 288 003a 07EE904A 		vmov	s15, r4	@ int
 289 003e F8EEE77A 		vcvt.f32.s32	s15, s15
 290 0042 88EE277A 		vdiv.f32	s14, s16, s15
  77:Core/Src/MCU6050.c ****     }
 291              		.loc 1 77 19 view .LVU67
 292 0046 064B     		ldr	r3, .L19+8
 293 0048 83ED007A 		vstr.32	s14, [r3]
 294              	.L17:
  81:Core/Src/MCU6050.c **** }
 295              		.loc 1 81 5 is_stmt 1 view .LVU68
  81:Core/Src/MCU6050.c **** }
 296              		.loc 1 81 17 is_stmt 0 view .LVU69
 297 004c 054B     		ldr	r3, .L19+12
 298 004e 0022     		movs	r2, #0
 299 0050 1A60     		str	r2, [r3]	@ float
  82:Core/Src/MCU6050.c **** 
 300              		.loc 1 82 1 view .LVU70
 301 0052 BDEC028B 		vldm	sp!, {d8}
 302              	.LCFI9:
 303              		.cfi_restore 80
 304              		.cfi_restore 81
 305              		.cfi_def_cfa_offset 16
 306              	.LVL19:
  82:Core/Src/MCU6050.c **** 
 307              		.loc 1 82 1 view .LVU71
 308 0056 38BD     		pop	{r3, r4, r5, pc}
 309              	.LVL20:
 310              	.L20:
  82:Core/Src/MCU6050.c **** 
 311              		.loc 1 82 1 view .LVU72
 312              		.align	2
 313              	.L19:
 314 0058 00000000 		.word	tick_count
 315 005c 00000000 		.word	0
 316 0060 00000000 		.word	gz_offset
 317 0064 00000000 		.word	gz_filtered
 318              		.cfi_endproc
 319              	.LFE134:
 321              		.section	.text.MPU6050_Read_Yaw_Rate,"ax",%progbits
 322              		.align	1
 323              		.global	MPU6050_Read_Yaw_Rate
 324              		.syntax unified
 325              		.thumb
 326              		.thumb_func
 328              	MPU6050_Read_Yaw_Rate:
 329              	.LFB136:
  95:Core/Src/MCU6050.c **** 
  96:Core/Src/MCU6050.c **** // ------------------------------------------------------------------
  97:Core/Src/MCU6050.c **** // ЧТЕНИЕ угловой скорости (основная функция)
  98:Core/Src/MCU6050.c **** // ------------------------------------------------------------------
  99:Core/Src/MCU6050.c **** 
ARM GAS  C:\Users\Life\AppData\Local\Temp\cc8JASXg.s 			page 9


 100:Core/Src/MCU6050.c **** 
 101:Core/Src/MCU6050.c **** float MPU6050_Read_Yaw_Rate(void)
 102:Core/Src/MCU6050.c **** {
 330              		.loc 1 102 1 is_stmt 1 view -0
 331              		.cfi_startproc
 332              		@ args = 0, pretend = 0, frame = 0
 333              		@ frame_needed = 0, uses_anonymous_args = 0
 334 0000 10B5     		push	{r4, lr}
 335              	.LCFI10:
 336              		.cfi_def_cfa_offset 8
 337              		.cfi_offset 4, -8
 338              		.cfi_offset 14, -4
 103:Core/Src/MCU6050.c ****     // Читаем сырое значение
 104:Core/Src/MCU6050.c ****     float gz_raw = MPU6050_Read_Yaw_Rate_No_Offset();
 339              		.loc 1 104 5 view .LVU74
 340              		.loc 1 104 20 is_stmt 0 view .LVU75
 341 0002 FFF7FEFF 		bl	MPU6050_Read_Yaw_Rate_No_Offset
 342              	.LVL21:
 105:Core/Src/MCU6050.c ****     
 106:Core/Src/MCU6050.c ****     // Вычитаем калибровочное смещение
 107:Core/Src/MCU6050.c ****     gz_raw -= gz_offset;
 343              		.loc 1 107 5 is_stmt 1 view .LVU76
 344 0006 174B     		ldr	r3, .L23
 345 0008 D3ED007A 		vldr.32	s15, [r3]
 346              		.loc 1 107 12 is_stmt 0 view .LVU77
 347 000c 30EE670A 		vsub.f32	s0, s0, s15
 348              	.LVL22:
 108:Core/Src/MCU6050.c ****     
 109:Core/Src/MCU6050.c ****     // Сохраняем сырое значение (для отладки)
 110:Core/Src/MCU6050.c ****     MPU6050.yaw_rate_raw = gz_raw;
 349              		.loc 1 110 5 is_stmt 1 view .LVU78
 350              		.loc 1 110 26 is_stmt 0 view .LVU79
 351 0010 1548     		ldr	r0, .L23+4
 352 0012 80ED020A 		vstr.32	s0, [r0, #8]
 111:Core/Src/MCU6050.c ****     
 112:Core/Src/MCU6050.c ****     // Простая фильтрация (скользящее среднее)
 113:Core/Src/MCU6050.c ****     static float buffer[3] = {0};  // 3 последних значения
 353              		.loc 1 113 5 is_stmt 1 view .LVU80
 114:Core/Src/MCU6050.c ****     static uint8_t idx = 0;
 354              		.loc 1 114 5 view .LVU81
 115:Core/Src/MCU6050.c ****     
 116:Core/Src/MCU6050.c ****     buffer[idx] = gz_raw;
 355              		.loc 1 116 5 view .LVU82
 356              		.loc 1 116 11 is_stmt 0 view .LVU83
 357 0016 154C     		ldr	r4, .L23+8
 358 0018 2278     		ldrb	r2, [r4]	@ zero_extendqisi2
 359              		.loc 1 116 17 view .LVU84
 360 001a 1549     		ldr	r1, .L23+12
 361 001c 01EB8203 		add	r3, r1, r2, lsl #2
 362 0020 83ED000A 		vstr.32	s0, [r3]
 117:Core/Src/MCU6050.c ****     idx = (idx + 1) % 3;
 363              		.loc 1 117 5 is_stmt 1 view .LVU85
 364              		.loc 1 117 16 is_stmt 0 view .LVU86
 365 0024 0132     		adds	r2, r2, #1
 366              		.loc 1 117 21 view .LVU87
 367 0026 134B     		ldr	r3, .L23+16
 368 0028 83FB02C3 		smull	ip, r3, r3, r2
ARM GAS  C:\Users\Life\AppData\Local\Temp\cc8JASXg.s 			page 10


 369 002c 03EB4303 		add	r3, r3, r3, lsl #1
 370 0030 D31A     		subs	r3, r2, r3
 371              		.loc 1 117 9 view .LVU88
 372 0032 2370     		strb	r3, [r4]
 118:Core/Src/MCU6050.c ****     
 119:Core/Src/MCU6050.c ****     // Среднее из 3 значений
 120:Core/Src/MCU6050.c ****     gz_filtered = (buffer[0] + buffer[1] + buffer[2]) / 3.0f;
 373              		.loc 1 120 5 is_stmt 1 view .LVU89
 374              		.loc 1 120 26 is_stmt 0 view .LVU90
 375 0034 D1ED007A 		vldr.32	s15, [r1]
 376              		.loc 1 120 38 view .LVU91
 377 0038 91ED017A 		vldr.32	s14, [r1, #4]
 378              		.loc 1 120 30 view .LVU92
 379 003c 77EE877A 		vadd.f32	s15, s15, s14
 380              		.loc 1 120 50 view .LVU93
 381 0040 91ED027A 		vldr.32	s14, [r1, #8]
 382              		.loc 1 120 42 view .LVU94
 383 0044 77EE877A 		vadd.f32	s15, s15, s14
 384              		.loc 1 120 55 view .LVU95
 385 0048 B0EE087A 		vmov.f32	s14, #3.0e+0
 386 004c 87EE870A 		vdiv.f32	s0, s15, s14
 387              	.LVL23:
 388              		.loc 1 120 17 view .LVU96
 389 0050 094B     		ldr	r3, .L23+20
 390 0052 83ED000A 		vstr.32	s0, [r3]
 121:Core/Src/MCU6050.c **** 
 122:Core/Src/MCU6050.c ****     gz_filtered = -gz_filtered;  // Добавьте эту строку!
 391              		.loc 1 122 5 is_stmt 1 view .LVU97
 392              		.loc 1 122 19 is_stmt 0 view .LVU98
 393 0056 B1EE400A 		vneg.f32	s0, s0
 394              		.loc 1 122 17 view .LVU99
 395 005a 83ED000A 		vstr.32	s0, [r3]
 123:Core/Src/MCU6050.c ****     
 124:Core/Src/MCU6050.c ****     // Сохраняем отфильтрованное
 125:Core/Src/MCU6050.c ****     MPU6050.yaw_rate = gz_filtered;
 396              		.loc 1 125 5 is_stmt 1 view .LVU100
 397              		.loc 1 125 22 is_stmt 0 view .LVU101
 398 005e 80ED010A 		vstr.32	s0, [r0, #4]
 126:Core/Src/MCU6050.c ****     
 127:Core/Src/MCU6050.c ****     return gz_filtered;
 399              		.loc 1 127 5 is_stmt 1 view .LVU102
 128:Core/Src/MCU6050.c **** }
 400              		.loc 1 128 1 is_stmt 0 view .LVU103
 401 0062 10BD     		pop	{r4, pc}
 402              	.L24:
 403              		.align	2
 404              	.L23:
 405 0064 00000000 		.word	gz_offset
 406 0068 00000000 		.word	MPU6050
 407 006c 00000000 		.word	idx.2
 408 0070 00000000 		.word	buffer.1
 409 0074 56555555 		.word	1431655766
 410 0078 00000000 		.word	gz_filtered
 411              		.cfi_endproc
 412              	.LFE136:
 414              		.section	.text.MPU6050_Update_Yaw,"ax",%progbits
 415              		.align	1
ARM GAS  C:\Users\Life\AppData\Local\Temp\cc8JASXg.s 			page 11


 416              		.global	MPU6050_Update_Yaw
 417              		.syntax unified
 418              		.thumb
 419              		.thumb_func
 421              	MPU6050_Update_Yaw:
 422              	.LFB137:
 129:Core/Src/MCU6050.c **** 
 130:Core/Src/MCU6050.c **** // // ------------------------------------------------------------------
 131:Core/Src/MCU6050.c **** // ОБНОВЛЕНИЕ УГЛА (интегрирование)
 132:Core/Src/MCU6050.c **** // ------------------------------------------------------------------
 133:Core/Src/MCU6050.c **** void MPU6050_Update_Yaw(void)
 134:Core/Src/MCU6050.c **** {
 423              		.loc 1 134 1 is_stmt 1 view -0
 424              		.cfi_startproc
 425              		@ args = 0, pretend = 0, frame = 0
 426              		@ frame_needed = 0, uses_anonymous_args = 0
 427 0000 10B5     		push	{r4, lr}
 428              	.LCFI11:
 429              		.cfi_def_cfa_offset 8
 430              		.cfi_offset 4, -8
 431              		.cfi_offset 14, -4
 432 0002 2DED028B 		vpush.64	{d8}
 433              	.LCFI12:
 434              		.cfi_def_cfa_offset 16
 435              		.cfi_offset 80, -16
 436              		.cfi_offset 81, -12
 135:Core/Src/MCU6050.c ****     uint32_t now = tick_count;
 437              		.loc 1 135 5 view .LVU105
 438              		.loc 1 135 14 is_stmt 0 view .LVU106
 439 0006 234B     		ldr	r3, .L35
 440 0008 1C68     		ldr	r4, [r3]
 441              	.LVL24:
 136:Core/Src/MCU6050.c ****     
 137:Core/Src/MCU6050.c ****     // Вычисляем дельту времени (в секундах)
 138:Core/Src/MCU6050.c ****     float dt = (float)(now - last_update) / 1000.0f;
 442              		.loc 1 138 5 is_stmt 1 view .LVU107
 443              		.loc 1 138 28 is_stmt 0 view .LVU108
 444 000a 234B     		ldr	r3, .L35+4
 445 000c 1B68     		ldr	r3, [r3]
 446 000e E31A     		subs	r3, r4, r3
 447              		.loc 1 138 16 view .LVU109
 448 0010 07EE903A 		vmov	s15, r3	@ int
 449 0014 F8EE677A 		vcvt.f32.u32	s15, s15
 450              		.loc 1 138 11 view .LVU110
 451 0018 9FED207A 		vldr.32	s14, .L35+8
 452 001c 87EE878A 		vdiv.f32	s16, s15, s14
 453              	.LVL25:
 139:Core/Src/MCU6050.c ****     
 140:Core/Src/MCU6050.c ****     // Защита от слишком больших dt
 141:Core/Src/MCU6050.c ****     if (dt > 0.1f) dt = 0.001f;  // Если пропустили >100мс, считаем как 1
 454              		.loc 1 141 5 is_stmt 1 view .LVU111
 455              		.loc 1 141 8 is_stmt 0 view .LVU112
 456 0020 DFED1F7A 		vldr.32	s15, .L35+12
 457 0024 B4EEE78A 		vcmpe.f32	s16, s15
 458 0028 F1EE10FA 		vmrs	APSR_nzcv, FPSCR
 459 002c 01DD     		ble	.L26
 460              		.loc 1 141 23 discriminator 1 view .LVU113
ARM GAS  C:\Users\Life\AppData\Local\Temp\cc8JASXg.s 			page 12


 461 002e 9FED1D8A 		vldr.32	s16, .L35+16
 462              	.LVL26:
 463              	.L26:
 142:Core/Src/MCU6050.c ****     
 143:Core/Src/MCU6050.c ****     // Читаем угловую скорость
 144:Core/Src/MCU6050.c ****     float gz = MPU6050_Read_Yaw_Rate();
 464              		.loc 1 144 5 is_stmt 1 view .LVU114
 465              		.loc 1 144 16 is_stmt 0 view .LVU115
 466 0032 FFF7FEFF 		bl	MPU6050_Read_Yaw_Rate
 467              	.LVL27:
 145:Core/Src/MCU6050.c ****     
 146:Core/Src/MCU6050.c ****     // Интегрируем: угол = угол + скорость * время
 147:Core/Src/MCU6050.c ****     yaw_angle += gz * dt;
 468              		.loc 1 147 5 is_stmt 1 view .LVU116
 469              		.loc 1 147 21 is_stmt 0 view .LVU117
 470 0036 28EE008A 		vmul.f32	s16, s16, s0
 471              	.LVL28:
 472              		.loc 1 147 15 view .LVU118
 473 003a 1B4B     		ldr	r3, .L35+20
 474 003c D3ED007A 		vldr.32	s15, [r3]
 475 0040 38EE278A 		vadd.f32	s16, s16, s15
 476 0044 83ED008A 		vstr.32	s16, [r3]
 148:Core/Src/MCU6050.c ****     
 149:Core/Src/MCU6050.c ****     // Нормализация угла в диапазон [-180, 180]
 150:Core/Src/MCU6050.c ****     if (yaw_angle > 180.0f) yaw_angle -= 360.0f;
 477              		.loc 1 150 5 is_stmt 1 view .LVU119
 478              		.loc 1 150 8 is_stmt 0 view .LVU120
 479 0048 DFED187A 		vldr.32	s15, .L35+24
 480 004c B4EEE78A 		vcmpe.f32	s16, s15
 481 0050 F1EE10FA 		vmrs	APSR_nzcv, FPSCR
 482 0054 05DD     		ble	.L27
 483              		.loc 1 150 29 is_stmt 1 discriminator 1 view .LVU121
 484              		.loc 1 150 39 is_stmt 0 discriminator 1 view .LVU122
 485 0056 DFED167A 		vldr.32	s15, .L35+28
 486 005a 38EE678A 		vsub.f32	s16, s16, s15
 487 005e 83ED008A 		vstr.32	s16, [r3]
 488              	.L27:
 151:Core/Src/MCU6050.c ****     if (yaw_angle < -180.0f) yaw_angle += 360.0f;
 489              		.loc 1 151 5 is_stmt 1 view .LVU123
 490              		.loc 1 151 19 is_stmt 0 view .LVU124
 491 0062 114B     		ldr	r3, .L35+20
 492 0064 D3ED007A 		vldr.32	s15, [r3]
 493              		.loc 1 151 8 view .LVU125
 494 0068 9FED127A 		vldr.32	s14, .L35+32
 495 006c F4EEC77A 		vcmpe.f32	s15, s14
 496 0070 F1EE10FA 		vmrs	APSR_nzcv, FPSCR
 497 0074 05D5     		bpl	.L29
 498              		.loc 1 151 30 is_stmt 1 discriminator 1 view .LVU126
 499              		.loc 1 151 40 is_stmt 0 discriminator 1 view .LVU127
 500 0076 9FED0E7A 		vldr.32	s14, .L35+28
 501 007a 77EE877A 		vadd.f32	s15, s15, s14
 502 007e C3ED007A 		vstr.32	s15, [r3]
 503              	.L29:
 152:Core/Src/MCU6050.c ****     
 153:Core/Src/MCU6050.c ****     // Сохраняем
 154:Core/Src/MCU6050.c ****     MPU6050.yaw_angle = yaw_angle;
 504              		.loc 1 154 5 is_stmt 1 view .LVU128
ARM GAS  C:\Users\Life\AppData\Local\Temp\cc8JASXg.s 			page 13


 505              		.loc 1 154 23 is_stmt 0 view .LVU129
 506 0082 094B     		ldr	r3, .L35+20
 507 0084 1A68     		ldr	r2, [r3]	@ float
 508 0086 0C4B     		ldr	r3, .L35+36
 509 0088 1A60     		str	r2, [r3]	@ float
 155:Core/Src/MCU6050.c ****     last_update = now;
 510              		.loc 1 155 5 is_stmt 1 view .LVU130
 511              		.loc 1 155 17 is_stmt 0 view .LVU131
 512 008a 034B     		ldr	r3, .L35+4
 513 008c 1C60     		str	r4, [r3]
 156:Core/Src/MCU6050.c **** }
 514              		.loc 1 156 1 view .LVU132
 515 008e BDEC028B 		vldm	sp!, {d8}
 516              	.LCFI13:
 517              		.cfi_restore 80
 518              		.cfi_restore 81
 519              		.cfi_def_cfa_offset 8
 520 0092 10BD     		pop	{r4, pc}
 521              	.LVL29:
 522              	.L36:
 523              		.loc 1 156 1 view .LVU133
 524              		.align	2
 525              	.L35:
 526 0094 00000000 		.word	tick_count
 527 0098 00000000 		.word	last_update
 528 009c 00007A44 		.word	1148846080
 529 00a0 CDCCCC3D 		.word	1036831949
 530 00a4 6F12833A 		.word	981668463
 531 00a8 00000000 		.word	yaw_angle
 532 00ac 00003443 		.word	1127481344
 533 00b0 0000B443 		.word	1135869952
 534 00b4 000034C3 		.word	-1020002304
 535 00b8 00000000 		.word	MPU6050
 536              		.cfi_endproc
 537              	.LFE137:
 539              		.section	.text.MPU6050_Get_Yaw,"ax",%progbits
 540              		.align	1
 541              		.global	MPU6050_Get_Yaw
 542              		.syntax unified
 543              		.thumb
 544              		.thumb_func
 546              	MPU6050_Get_Yaw:
 547              	.LFB138:
 157:Core/Src/MCU6050.c **** 
 158:Core/Src/MCU6050.c **** // ------------------------------------------------------------------
 159:Core/Src/MCU6050.c **** // ПОЛУЧЕНИЕ ТЕКУЩЕГО УГЛА
 160:Core/Src/MCU6050.c **** // ------------------------------------------------------------------
 161:Core/Src/MCU6050.c **** float MPU6050_Get_Yaw(void)
 162:Core/Src/MCU6050.c **** {
 548              		.loc 1 162 1 is_stmt 1 view -0
 549              		.cfi_startproc
 550              		@ args = 0, pretend = 0, frame = 0
 551              		@ frame_needed = 0, uses_anonymous_args = 0
 552              		@ link register save eliminated.
 163:Core/Src/MCU6050.c ****     return MPU6050.yaw_angle;
 553              		.loc 1 163 5 view .LVU135
 164:Core/Src/MCU6050.c **** }
ARM GAS  C:\Users\Life\AppData\Local\Temp\cc8JASXg.s 			page 14


 554              		.loc 1 164 1 is_stmt 0 view .LVU136
 555 0000 014B     		ldr	r3, .L38
 556 0002 93ED000A 		vldr.32	s0, [r3]
 557 0006 7047     		bx	lr
 558              	.L39:
 559              		.align	2
 560              	.L38:
 561 0008 00000000 		.word	MPU6050
 562              		.cfi_endproc
 563              	.LFE138:
 565              		.section	.text.MPU6050_Reset_Yaw,"ax",%progbits
 566              		.align	1
 567              		.global	MPU6050_Reset_Yaw
 568              		.syntax unified
 569              		.thumb
 570              		.thumb_func
 572              	MPU6050_Reset_Yaw:
 573              	.LFB139:
 165:Core/Src/MCU6050.c **** 
 166:Core/Src/MCU6050.c **** // ------------------------------------------------------------------
 167:Core/Src/MCU6050.c **** // СБРОС УГЛА В НОЛЬ
 168:Core/Src/MCU6050.c **** // ------------------------------------------------------------------
 169:Core/Src/MCU6050.c **** void MPU6050_Reset_Yaw(void)
 170:Core/Src/MCU6050.c **** {
 574              		.loc 1 170 1 is_stmt 1 view -0
 575              		.cfi_startproc
 576              		@ args = 0, pretend = 0, frame = 0
 577              		@ frame_needed = 0, uses_anonymous_args = 0
 578              		@ link register save eliminated.
 171:Core/Src/MCU6050.c ****     yaw_angle = 0.0f;
 579              		.loc 1 171 5 view .LVU138
 580              		.loc 1 171 15 is_stmt 0 view .LVU139
 581 0000 0023     		movs	r3, #0
 582 0002 024A     		ldr	r2, .L41
 583 0004 1360     		str	r3, [r2]	@ float
 172:Core/Src/MCU6050.c ****     MPU6050.yaw_angle = 0.0f;
 584              		.loc 1 172 5 is_stmt 1 view .LVU140
 585              		.loc 1 172 23 is_stmt 0 view .LVU141
 586 0006 024A     		ldr	r2, .L41+4
 587 0008 1360     		str	r3, [r2]	@ float
 173:Core/Src/MCU6050.c **** }
 588              		.loc 1 173 1 view .LVU142
 589 000a 7047     		bx	lr
 590              	.L42:
 591              		.align	2
 592              	.L41:
 593 000c 00000000 		.word	yaw_angle
 594 0010 00000000 		.word	MPU6050
 595              		.cfi_endproc
 596              	.LFE139:
 598              		.global	__aeabi_f2d
 599              		.section	.rodata.MPU6050_Print_Debug.str1.4,"aMS",%progbits,1
 600              		.align	2
 601              	.LC0:
 602 0000 5961773A 		.ascii	"Yaw: %6.1f\302\260 | Rate: %6.2f\302\260/s | Offset"
 602      2025362E 
 602      3166C2B0 
ARM GAS  C:\Users\Life\AppData\Local\Temp\cc8JASXg.s 			page 15


 602      207C2052 
 602      6174653A 
 603 0027 3A202536 		.ascii	": %6.3f\015\012\000"
 603      2E33660D 
 603      0A00
 604              		.section	.text.MPU6050_Print_Debug,"ax",%progbits
 605              		.align	1
 606              		.global	MPU6050_Print_Debug
 607              		.syntax unified
 608              		.thumb
 609              		.thumb_func
 611              	MPU6050_Print_Debug:
 612              	.LFB140:
 174:Core/Src/MCU6050.c **** 
 175:Core/Src/MCU6050.c **** // ------------------------------------------------------------------
 176:Core/Src/MCU6050.c **** // ОТЛАДОЧНЫЙ ВЫВОД
 177:Core/Src/MCU6050.c **** // ------------------------------------------------------------------
 178:Core/Src/MCU6050.c **** void MPU6050_Print_Debug(void)
 179:Core/Src/MCU6050.c **** {
 613              		.loc 1 179 1 is_stmt 1 view -0
 614              		.cfi_startproc
 615              		@ args = 0, pretend = 0, frame = 80
 616              		@ frame_needed = 0, uses_anonymous_args = 0
 180:Core/Src/MCU6050.c ****     static uint32_t last_print = 0;
 617              		.loc 1 180 5 view .LVU144
 181:Core/Src/MCU6050.c ****     
 182:Core/Src/MCU6050.c ****     // Выводим раз в 500 мс
 183:Core/Src/MCU6050.c ****     if ((uint32_t)(tick_count - last_print) > 1000) {
 618              		.loc 1 183 5 view .LVU145
 619              		.loc 1 183 31 is_stmt 0 view .LVU146
 620 0000 1A4B     		ldr	r3, .L52
 621 0002 1B68     		ldr	r3, [r3]
 622 0004 1A4A     		ldr	r2, .L52+4
 623 0006 1268     		ldr	r2, [r2]
 624 0008 9B1A     		subs	r3, r3, r2
 625              		.loc 1 183 8 view .LVU147
 626 000a B3F57A7F 		cmp	r3, #1000
 627 000e 00D8     		bhi	.L51
 628 0010 7047     		bx	lr
 629              	.L51:
 179:Core/Src/MCU6050.c ****     static uint32_t last_print = 0;
 630              		.loc 1 179 1 view .LVU148
 631 0012 F0B5     		push	{r4, r5, r6, r7, lr}
 632              	.LCFI14:
 633              		.cfi_def_cfa_offset 20
 634              		.cfi_offset 4, -20
 635              		.cfi_offset 5, -16
 636              		.cfi_offset 6, -12
 637              		.cfi_offset 7, -8
 638              		.cfi_offset 14, -4
 639 0014 99B0     		sub	sp, sp, #100
 640              	.LCFI15:
 641              		.cfi_def_cfa_offset 120
 642              	.LBB3:
 184:Core/Src/MCU6050.c ****         last_print = tick_count;
 643              		.loc 1 184 9 is_stmt 1 view .LVU149
 644              		.loc 1 184 20 is_stmt 0 view .LVU150
ARM GAS  C:\Users\Life\AppData\Local\Temp\cc8JASXg.s 			page 16


 645 0016 154B     		ldr	r3, .L52
 646 0018 1A68     		ldr	r2, [r3]
 647 001a 154B     		ldr	r3, .L52+4
 648 001c 1A60     		str	r2, [r3]
 185:Core/Src/MCU6050.c ****         
 186:Core/Src/MCU6050.c ****         char buf[80];
 649              		.loc 1 186 9 is_stmt 1 view .LVU151
 187:Core/Src/MCU6050.c ****         sprintf(buf, "Yaw: %6.1f° | Rate: %6.2f°/s | Offset: %6.3f\r\n",
 650              		.loc 1 187 9 view .LVU152
 188:Core/Src/MCU6050.c ****                 MPU6050.yaw_angle, MPU6050.yaw_rate, gz_offset);
 651              		.loc 1 188 24 is_stmt 0 view .LVU153
 652 001e 154B     		ldr	r3, .L52+8
 653              		.loc 1 188 43 view .LVU154
 654 0020 5E68     		ldr	r6, [r3, #4]	@ float
 187:Core/Src/MCU6050.c ****         sprintf(buf, "Yaw: %6.1f° | Rate: %6.2f°/s | Offset: %6.3f\r\n",
 655              		.loc 1 187 9 view .LVU155
 656 0022 154A     		ldr	r2, .L52+12
 657 0024 1768     		ldr	r7, [r2]	@ float
 658 0026 1868     		ldr	r0, [r3]	@ float
 659 0028 FFF7FEFF 		bl	__aeabi_f2d
 660              	.LVL30:
 661 002c 0446     		mov	r4, r0
 662 002e 0D46     		mov	r5, r1
 663 0030 3846     		mov	r0, r7	@ float
 664 0032 FFF7FEFF 		bl	__aeabi_f2d
 665              	.LVL31:
 666 0036 CDE90201 		strd	r0, [sp, #8]
 667 003a 3046     		mov	r0, r6	@ float
 668 003c FFF7FEFF 		bl	__aeabi_f2d
 669              	.LVL32:
 670 0040 CDE90001 		strd	r0, [sp]
 671 0044 2246     		mov	r2, r4
 672 0046 2B46     		mov	r3, r5
 673 0048 0C49     		ldr	r1, .L52+16
 674 004a 04A8     		add	r0, sp, #16
 675 004c FFF7FEFF 		bl	sprintf
 676              	.LVL33:
 189:Core/Src/MCU6050.c ****         
 190:Core/Src/MCU6050.c ****         // Предполагаем, что есть UART_SendString
 191:Core/Src/MCU6050.c ****         for(int i = 0; buf[i]; i++) {
 677              		.loc 1 191 9 is_stmt 1 view .LVU156
 678              	.LBB4:
 679              		.loc 1 191 13 view .LVU157
 680              		.loc 1 191 17 is_stmt 0 view .LVU158
 681 0050 0024     		movs	r4, #0
 682              		.loc 1 191 9 view .LVU159
 683 0052 02E0     		b	.L45
 684              	.LVL34:
 685              	.L46:
 192:Core/Src/MCU6050.c ****             UART_SendChar(buf[i]);  // Или ваша функция отправки
 686              		.loc 1 192 13 is_stmt 1 view .LVU160
 687 0054 FFF7FEFF 		bl	UART_SendChar
 688              	.LVL35:
 191:Core/Src/MCU6050.c ****             UART_SendChar(buf[i]);  // Или ваша функция отправки
 689              		.loc 1 191 33 discriminator 3 view .LVU161
 690 0058 0134     		adds	r4, r4, #1
 691              	.LVL36:
ARM GAS  C:\Users\Life\AppData\Local\Temp\cc8JASXg.s 			page 17


 692              	.L45:
 191:Core/Src/MCU6050.c ****             UART_SendChar(buf[i]);  // Или ваша функция отправки
 693              		.loc 1 191 24 discriminator 1 view .LVU162
 191:Core/Src/MCU6050.c ****             UART_SendChar(buf[i]);  // Или ваша функция отправки
 694              		.loc 1 191 27 is_stmt 0 discriminator 1 view .LVU163
 695 005a 04F16003 		add	r3, r4, #96
 696 005e 6B44     		add	r3, sp, r3
 697 0060 13F8500C 		ldrb	r0, [r3, #-80]	@ zero_extendqisi2
 191:Core/Src/MCU6050.c ****             UART_SendChar(buf[i]);  // Или ваша функция отправки
 698              		.loc 1 191 24 discriminator 1 view .LVU164
 699 0064 0028     		cmp	r0, #0
 700 0066 F5D1     		bne	.L46
 701              	.LBE4:
 702              	.LBE3:
 193:Core/Src/MCU6050.c ****         }
 194:Core/Src/MCU6050.c ****     }
 195:Core/Src/MCU6050.c **** }
 703              		.loc 1 195 1 view .LVU165
 704 0068 19B0     		add	sp, sp, #100
 705              	.LCFI16:
 706              		.cfi_def_cfa_offset 20
 707              		@ sp needed
 708 006a F0BD     		pop	{r4, r5, r6, r7, pc}
 709              	.LVL37:
 710              	.L53:
 711              		.loc 1 195 1 view .LVU166
 712              		.align	2
 713              	.L52:
 714 006c 00000000 		.word	tick_count
 715 0070 00000000 		.word	last_print.0
 716 0074 00000000 		.word	MPU6050
 717 0078 00000000 		.word	gz_offset
 718 007c 00000000 		.word	.LC0
 719              		.cfi_endproc
 720              	.LFE140:
 722              		.section	.bss.last_print.0,"aw",%nobits
 723              		.align	2
 726              	last_print.0:
 727 0000 00000000 		.space	4
 728              		.section	.bss.buffer.1,"aw",%nobits
 729              		.align	2
 732              	buffer.1:
 733 0000 00000000 		.space	12
 733      00000000 
 733      00000000 
 734              		.section	.bss.idx.2,"aw",%nobits
 737              	idx.2:
 738 0000 00       		.space	1
 739              		.section	.bss.last_update,"aw",%nobits
 740              		.align	2
 743              	last_update:
 744 0000 00000000 		.space	4
 745              		.section	.bss.yaw_angle,"aw",%nobits
 746              		.align	2
 749              	yaw_angle:
 750 0000 00000000 		.space	4
 751              		.section	.bss.gz_filtered,"aw",%nobits
ARM GAS  C:\Users\Life\AppData\Local\Temp\cc8JASXg.s 			page 18


 752              		.align	2
 755              	gz_filtered:
 756 0000 00000000 		.space	4
 757              		.global	MPU6050
 758              		.section	.bss.MPU6050,"aw",%nobits
 759              		.align	2
 762              	MPU6050:
 763 0000 00000000 		.space	12
 763      00000000 
 763      00000000 
 764              		.text
 765              	.Letext0:
 766              		.file 2 "C:/Bools/xpack-arm-none-eabi-gcc-13.2.1-1.1/arm-none-eabi/include/machine/_default_types.
 767              		.file 3 "C:/Bools/xpack-arm-none-eabi-gcc-13.2.1-1.1/arm-none-eabi/include/sys/_stdint.h"
 768              		.file 4 "Core/Inc/MCU6050.h"
 769              		.file 5 "Core/Inc/handlers.h"
 770              		.file 6 "C:/Bools/xpack-arm-none-eabi-gcc-13.2.1-1.1/arm-none-eabi/include/stdio.h"
 771              		.file 7 "Core/Inc/I2C.h"
 772              		.file 8 "Core/Inc/task.h"
ARM GAS  C:\Users\Life\AppData\Local\Temp\cc8JASXg.s 			page 19


DEFINED SYMBOLS
                            *ABS*:00000000 MCU6050.c
C:\Users\Life\AppData\Local\Temp\cc8JASXg.s:21     .text.MPU6050_Init:00000000 $t
C:\Users\Life\AppData\Local\Temp\cc8JASXg.s:27     .text.MPU6050_Init:00000000 MPU6050_Init
C:\Users\Life\AppData\Local\Temp\cc8JASXg.s:135    .text.MPU6050_Init:00000074 $d
C:\Users\Life\AppData\Local\Temp\cc8JASXg.s:755    .bss.gz_filtered:00000000 gz_filtered
C:\Users\Life\AppData\Local\Temp\cc8JASXg.s:749    .bss.yaw_angle:00000000 yaw_angle
C:\Users\Life\AppData\Local\Temp\cc8JASXg.s:743    .bss.last_update:00000000 last_update
C:\Users\Life\AppData\Local\Temp\cc8JASXg.s:143    .text.MPU6050_Read_Yaw_Rate_No_Offset:00000000 $t
C:\Users\Life\AppData\Local\Temp\cc8JASXg.s:149    .text.MPU6050_Read_Yaw_Rate_No_Offset:00000000 MPU6050_Read_Yaw_Rate_No_Offset
C:\Users\Life\AppData\Local\Temp\cc8JASXg.s:197    .text.MPU6050_Read_Yaw_Rate_No_Offset:00000034 $d
C:\Users\Life\AppData\Local\Temp\cc8JASXg.s:202    .text.MPU6050_Calibrate:00000000 $t
C:\Users\Life\AppData\Local\Temp\cc8JASXg.s:208    .text.MPU6050_Calibrate:00000000 MPU6050_Calibrate
C:\Users\Life\AppData\Local\Temp\cc8JASXg.s:314    .text.MPU6050_Calibrate:00000058 $d
C:\Users\Life\AppData\Local\Temp\cc8JASXg.s:322    .text.MPU6050_Read_Yaw_Rate:00000000 $t
C:\Users\Life\AppData\Local\Temp\cc8JASXg.s:328    .text.MPU6050_Read_Yaw_Rate:00000000 MPU6050_Read_Yaw_Rate
C:\Users\Life\AppData\Local\Temp\cc8JASXg.s:405    .text.MPU6050_Read_Yaw_Rate:00000064 $d
C:\Users\Life\AppData\Local\Temp\cc8JASXg.s:762    .bss.MPU6050:00000000 MPU6050
C:\Users\Life\AppData\Local\Temp\cc8JASXg.s:737    .bss.idx.2:00000000 idx.2
C:\Users\Life\AppData\Local\Temp\cc8JASXg.s:732    .bss.buffer.1:00000000 buffer.1
C:\Users\Life\AppData\Local\Temp\cc8JASXg.s:415    .text.MPU6050_Update_Yaw:00000000 $t
C:\Users\Life\AppData\Local\Temp\cc8JASXg.s:421    .text.MPU6050_Update_Yaw:00000000 MPU6050_Update_Yaw
C:\Users\Life\AppData\Local\Temp\cc8JASXg.s:526    .text.MPU6050_Update_Yaw:00000094 $d
C:\Users\Life\AppData\Local\Temp\cc8JASXg.s:540    .text.MPU6050_Get_Yaw:00000000 $t
C:\Users\Life\AppData\Local\Temp\cc8JASXg.s:546    .text.MPU6050_Get_Yaw:00000000 MPU6050_Get_Yaw
C:\Users\Life\AppData\Local\Temp\cc8JASXg.s:561    .text.MPU6050_Get_Yaw:00000008 $d
C:\Users\Life\AppData\Local\Temp\cc8JASXg.s:566    .text.MPU6050_Reset_Yaw:00000000 $t
C:\Users\Life\AppData\Local\Temp\cc8JASXg.s:572    .text.MPU6050_Reset_Yaw:00000000 MPU6050_Reset_Yaw
C:\Users\Life\AppData\Local\Temp\cc8JASXg.s:593    .text.MPU6050_Reset_Yaw:0000000c $d
C:\Users\Life\AppData\Local\Temp\cc8JASXg.s:600    .rodata.MPU6050_Print_Debug.str1.4:00000000 $d
C:\Users\Life\AppData\Local\Temp\cc8JASXg.s:605    .text.MPU6050_Print_Debug:00000000 $t
C:\Users\Life\AppData\Local\Temp\cc8JASXg.s:611    .text.MPU6050_Print_Debug:00000000 MPU6050_Print_Debug
C:\Users\Life\AppData\Local\Temp\cc8JASXg.s:714    .text.MPU6050_Print_Debug:0000006c $d
C:\Users\Life\AppData\Local\Temp\cc8JASXg.s:726    .bss.last_print.0:00000000 last_print.0
C:\Users\Life\AppData\Local\Temp\cc8JASXg.s:723    .bss.last_print.0:00000000 $d
C:\Users\Life\AppData\Local\Temp\cc8JASXg.s:729    .bss.buffer.1:00000000 $d
C:\Users\Life\AppData\Local\Temp\cc8JASXg.s:738    .bss.idx.2:00000000 $d
C:\Users\Life\AppData\Local\Temp\cc8JASXg.s:740    .bss.last_update:00000000 $d
C:\Users\Life\AppData\Local\Temp\cc8JASXg.s:746    .bss.yaw_angle:00000000 $d
C:\Users\Life\AppData\Local\Temp\cc8JASXg.s:752    .bss.gz_filtered:00000000 $d
C:\Users\Life\AppData\Local\Temp\cc8JASXg.s:759    .bss.MPU6050:00000000 $d

UNDEFINED SYMBOLS
MPU_Read
MPU_Write
tick_count
gz_offset
__aeabi_f2d
sprintf
UART_SendChar
