ARM GAS  C:\Users\Life\AppData\Local\Temp\ccJRBBGO.s 			page 1


   1              		.cpu cortex-m4
   2              		.arch armv7e-m
   3              		.fpu fpv4-sp-d16
   4              		.eabi_attribute 27, 1
   5              		.eabi_attribute 28, 1
   6              		.eabi_attribute 20, 1
   7              		.eabi_attribute 21, 1
   8              		.eabi_attribute 23, 3
   9              		.eabi_attribute 24, 1
  10              		.eabi_attribute 25, 1
  11              		.eabi_attribute 26, 1
  12              		.eabi_attribute 30, 1
  13              		.eabi_attribute 34, 1
  14              		.eabi_attribute 18, 4
  15              		.file	"task.c"
  16              		.text
  17              	.Ltext0:
  18              		.cfi_sections	.debug_frame
  19              		.file 1 "Core/Src/task.c"
  20              		.section	.text.Set_All_LEDs_Brightness,"ax",%progbits
  21              		.align	1
  22              		.global	Set_All_LEDs_Brightness
  23              		.syntax unified
  24              		.thumb
  25              		.thumb_func
  27              	Set_All_LEDs_Brightness:
  28              	.LFB131:
   1:Core/Src/task.c **** #include "task.h"
   2:Core/Src/task.c **** #include "handlers.h"
   3:Core/Src/task.c **** 
   4:Core/Src/task.c **** 
   5:Core/Src/task.c **** void task1(void){
   6:Core/Src/task.c ****     if(btn9_pressed){
   7:Core/Src/task.c ****         counter1 = (counter1 + 1) % 5;
   8:Core/Src/task.c ****         btn9_pressed=0;
   9:Core/Src/task.c ****           Set_All_LEDs_Brightness();
  10:Core/Src/task.c ****     }
  11:Core/Src/task.c **** }
  12:Core/Src/task.c **** void Set_All_LEDs_Brightness(void)
  13:Core/Src/task.c **** {
  29              		.loc 1 13 1 view -0
  30              		.cfi_startproc
  31              		@ args = 0, pretend = 0, frame = 0
  32              		@ frame_needed = 0, uses_anonymous_args = 0
  33              		@ link register save eliminated.
  14:Core/Src/task.c ****     uint32_t duty_cycle;
  34              		.loc 1 14 5 view .LVU1
  15:Core/Src/task.c ****     
  16:Core/Src/task.c ****     switch(counter1) {
  35              		.loc 1 16 5 view .LVU2
  36 0000 104B     		ldr	r3, .L9
  37 0002 1B78     		ldrb	r3, [r3]	@ zero_extendqisi2
  38 0004 013B     		subs	r3, r3, #1
  39 0006 032B     		cmp	r3, #3
  40 0008 03D8     		bhi	.L2
  41 000a DFE803F0 		tbb	[pc, r3]
  42              	.L4:
ARM GAS  C:\Users\Life\AppData\Local\Temp\ccJRBBGO.s 			page 2


  43 000e 0D       		.byte	(.L8-.L4)/2
  44 000f 04       		.byte	(.L6-.L4)/2
  45 0010 07       		.byte	(.L5-.L4)/2
  46 0011 0A       		.byte	(.L3-.L4)/2
  47              		.p2align 1
  48              	.L2:
  49 0012 0021     		movs	r1, #0
  50 0014 09E0     		b	.L7
  51              	.L6:
  17:Core/Src/task.c ****         case 0: // Выключено (0%)
  18:Core/Src/task.c ****             duty_cycle = 0;
  19:Core/Src/task.c ****             break;
  20:Core/Src/task.c ****         case 1: // 25%
  21:Core/Src/task.c ****             duty_cycle = 200;   // 799 * 0.25 ≈ 200
  22:Core/Src/task.c ****             break;
  23:Core/Src/task.c ****         case 2: // 50%
  24:Core/Src/task.c ****             duty_cycle = 400;   // 799 * 0.5 ≈ 400
  52              		.loc 1 24 13 view .LVU3
  53              	.LVL0:
  25:Core/Src/task.c ****             break;
  54              		.loc 1 25 13 view .LVU4
  24:Core/Src/task.c ****             break;
  55              		.loc 1 24 24 is_stmt 0 view .LVU5
  56 0016 4FF4C871 		mov	r1, #400
  57              		.loc 1 25 13 view .LVU6
  58 001a 06E0     		b	.L7
  59              	.LVL1:
  60              	.L5:
  26:Core/Src/task.c ****         case 3: // 75%
  27:Core/Src/task.c ****             duty_cycle = 600;   // 799 * 0.75 ≈ 600
  61              		.loc 1 27 13 is_stmt 1 view .LVU7
  28:Core/Src/task.c ****             break;
  62              		.loc 1 28 13 view .LVU8
  27:Core/Src/task.c ****             break;
  63              		.loc 1 27 24 is_stmt 0 view .LVU9
  64 001c 4FF41671 		mov	r1, #600
  65              		.loc 1 28 13 view .LVU10
  66 0020 03E0     		b	.L7
  67              	.LVL2:
  68              	.L3:
  29:Core/Src/task.c ****         case 4: // 100%
  30:Core/Src/task.c ****             duty_cycle = 799;   // Полная яркость
  69              		.loc 1 30 13 is_stmt 1 view .LVU11
  31:Core/Src/task.c ****             break;
  70              		.loc 1 31 13 view .LVU12
  30:Core/Src/task.c ****             break;
  71              		.loc 1 30 24 is_stmt 0 view .LVU13
  72 0022 40F21F31 		movw	r1, #799
  73              		.loc 1 31 13 view .LVU14
  74 0026 00E0     		b	.L7
  75              	.LVL3:
  76              	.L8:
  21:Core/Src/task.c ****             break;
  77              		.loc 1 21 24 view .LVU15
  78 0028 C821     		movs	r1, #200
  79              	.L7:
  80              	.LVL4:
ARM GAS  C:\Users\Life\AppData\Local\Temp\ccJRBBGO.s 			page 3


  32:Core/Src/task.c ****         default:
  33:Core/Src/task.c ****             duty_cycle = 0;
  34:Core/Src/task.c ****             break;
  35:Core/Src/task.c ****     }
  36:Core/Src/task.c ****     
  37:Core/Src/task.c ****     MODIFY_REG(TIM2->CCR1, TIM_CCR1_CCR1_Msk, duty_cycle);  
  81              		.loc 1 37 5 is_stmt 1 view .LVU16
  82 002a 4FF08042 		mov	r2, #1073741824
  83 002e 536B     		ldr	r3, [r2, #52]
  84 0030 6FF30F03 		bfc	r3, #0, #16
  85 0034 0B43     		orrs	r3, r3, r1
  86 0036 5363     		str	r3, [r2, #52]
  38:Core/Src/task.c ****     MODIFY_REG(TIM2->CCR2, TIM_CCR2_CCR2_Msk, duty_cycle);    
  87              		.loc 1 38 5 view .LVU17
  88 0038 936B     		ldr	r3, [r2, #56]
  89 003a 6FF30F03 		bfc	r3, #0, #16
  90 003e 0B43     		orrs	r3, r3, r1
  91 0040 9363     		str	r3, [r2, #56]
  39:Core/Src/task.c **** }...
  92              		.loc 1 39 1 is_stmt 0 view .LVU18
  93 0042 7047     		bx	lr
  94              	.L10:
  95              		.align	2
  96              	.L9:
  97 0044 00000000 		.word	counter1
  98              		.cfi_endproc
  99              	.LFE131:
 101              		.section	.text.task1,"ax",%progbits
 102              		.align	1
 103              		.global	task1
 104              		.syntax unified
 105              		.thumb
 106              		.thumb_func
 108              	task1:
 109              	.LFB130:
   5:Core/Src/task.c **** void task1(void){
 110              		.loc 1 5 17 is_stmt 1 view -0
 111              		.cfi_startproc
 112              		@ args = 0, pretend = 0, frame = 0
 113              		@ frame_needed = 0, uses_anonymous_args = 0
 114 0000 08B5     		push	{r3, lr}
 115              	.LCFI0:
 116              		.cfi_def_cfa_offset 8
 117              		.cfi_offset 3, -8
 118              		.cfi_offset 14, -4
   6:Core/Src/task.c ****     if(btn9_pressed){
 119              		.loc 1 6 5 view .LVU20
   6:Core/Src/task.c ****     if(btn9_pressed){
 120              		.loc 1 6 8 is_stmt 0 view .LVU21
 121 0002 0B4B     		ldr	r3, .L15
 122 0004 1B78     		ldrb	r3, [r3]	@ zero_extendqisi2
   6:Core/Src/task.c ****     if(btn9_pressed){
 123              		.loc 1 6 7 view .LVU22
 124 0006 03B9     		cbnz	r3, .L14
 125              	.L11:
  11:Core/Src/task.c **** }
 126              		.loc 1 11 1 view .LVU23
ARM GAS  C:\Users\Life\AppData\Local\Temp\ccJRBBGO.s 			page 4


 127 0008 08BD     		pop	{r3, pc}
 128              	.L14:
   7:Core/Src/task.c ****         counter1 = (counter1 + 1) % 5;
 129              		.loc 1 7 9 is_stmt 1 view .LVU24
   7:Core/Src/task.c ****         counter1 = (counter1 + 1) % 5;
 130              		.loc 1 7 30 is_stmt 0 view .LVU25
 131 000a 0A49     		ldr	r1, .L15+4
 132 000c 0A78     		ldrb	r2, [r1]	@ zero_extendqisi2
 133 000e 0132     		adds	r2, r2, #1
   7:Core/Src/task.c ****         counter1 = (counter1 + 1) % 5;
 134              		.loc 1 7 35 view .LVU26
 135 0010 094B     		ldr	r3, .L15+8
 136 0012 83FB0203 		smull	r0, r3, r3, r2
 137 0016 5B10     		asrs	r3, r3, #1
 138 0018 03EB8303 		add	r3, r3, r3, lsl #2
 139 001c D31A     		subs	r3, r2, r3
   7:Core/Src/task.c ****         counter1 = (counter1 + 1) % 5;
 140              		.loc 1 7 18 view .LVU27
 141 001e DBB2     		uxtb	r3, r3
 142 0020 0B70     		strb	r3, [r1]
   8:Core/Src/task.c ****         btn9_pressed=0;
 143              		.loc 1 8 9 is_stmt 1 view .LVU28
   8:Core/Src/task.c ****         btn9_pressed=0;
 144              		.loc 1 8 21 is_stmt 0 view .LVU29
 145 0022 034B     		ldr	r3, .L15
 146 0024 0022     		movs	r2, #0
 147 0026 1A70     		strb	r2, [r3]
   9:Core/Src/task.c ****           Set_All_LEDs_Brightness();
 148              		.loc 1 9 11 is_stmt 1 view .LVU30
 149 0028 FFF7FEFF 		bl	Set_All_LEDs_Brightness
 150              	.LVL5:
  11:Core/Src/task.c **** }
 151              		.loc 1 11 1 is_stmt 0 view .LVU31
 152 002c ECE7     		b	.L11
 153              	.L16:
 154 002e 00BF     		.align	2
 155              	.L15:
 156 0030 00000000 		.word	btn9_pressed
 157 0034 00000000 		.word	counter1
 158 0038 67666666 		.word	1717986919
 159              		.cfi_endproc
 160              	.LFE130:
 162              		.text
 163              	.Letext0:
 164              		.file 2 "C:/Bools/xpack-arm-none-eabi-gcc-13.2.1-1.1/arm-none-eabi/include/machine/_default_types.
 165              		.file 3 "C:/Bools/xpack-arm-none-eabi-gcc-13.2.1-1.1/arm-none-eabi/include/sys/_stdint.h"
 166              		.file 4 "CMSIS/Devices/STM32F4xx/Inc/STM32F411xE/stm32f411xe.h"
 167              		.file 5 "Core/Inc/task.h"
 168              		.file 6 "Core/Inc/handlers.h"
ARM GAS  C:\Users\Life\AppData\Local\Temp\ccJRBBGO.s 			page 5


DEFINED SYMBOLS
                            *ABS*:00000000 task.c
C:\Users\Life\AppData\Local\Temp\ccJRBBGO.s:21     .text.Set_All_LEDs_Brightness:00000000 $t
C:\Users\Life\AppData\Local\Temp\ccJRBBGO.s:27     .text.Set_All_LEDs_Brightness:00000000 Set_All_LEDs_Brightness
C:\Users\Life\AppData\Local\Temp\ccJRBBGO.s:43     .text.Set_All_LEDs_Brightness:0000000e $d
C:\Users\Life\AppData\Local\Temp\ccJRBBGO.s:47     .text.Set_All_LEDs_Brightness:00000012 $t
C:\Users\Life\AppData\Local\Temp\ccJRBBGO.s:97     .text.Set_All_LEDs_Brightness:00000044 $d
C:\Users\Life\AppData\Local\Temp\ccJRBBGO.s:102    .text.task1:00000000 $t
C:\Users\Life\AppData\Local\Temp\ccJRBBGO.s:108    .text.task1:00000000 task1
C:\Users\Life\AppData\Local\Temp\ccJRBBGO.s:156    .text.task1:00000030 $d

UNDEFINED SYMBOLS
counter1
btn9_pressed
